This is pdfTeX, Version 3.141592653-2.6-1.40.25 (MiKTeX 24.1) (preloaded format=pdflatex 2025.12.5)  23 APR 2026 00:24
entering extended mode
 restricted \write18 enabled.
 %&-line parsing enabled.
**./sp.tex
(sp.tex
LaTeX2e <2023-11-01> patch level 1
L3 programming layer <2024-01-04>
(etd.cls
Document Class: etd 1996/12/08 VT ETD Class
(C:\Users\quibo\AppData\Local\Programs\MiKTeX\tex/latex/base\report.cls
Document Class: report 2023/05/17 v1.4n Standard LaTeX document class
(C:\Users\quibo\AppData\Local\Programs\MiKTeX\tex/latex/base\size10.clo
File: size10.clo 2023/05/17 v1.4n Standard LaTeX file (size option)
)
\c@part=\count187
\c@chapter=\count188
\c@section=\count189
\c@subsection=\count190
\c@subsubsection=\count191
\c@paragraph=\count192
\c@subparagraph=\count193
\c@figure=\count194
\c@table=\count195
\abovecaptionskip=\skip48
\belowcaptionskip=\skip49
\bibindent=\dimen140
)
(C:\Users\quibo\AppData\Local\Programs\MiKTeX\tex/latex/base\ifthen.sty
Package: ifthen 2022/04/13 v1.1d Standard LaTeX ifthen package (DPC)
)
\descriptionmargin=\dimen141
)
(C:\Users\quibo\AppData\Local\Programs\MiKTeX\tex/latex/tools\tabularx.sty
Package: tabularx 2023/07/08 v2.11c `tabularx' package (DPC)

(C:\Users\quibo\AppData\Local\Programs\MiKTeX\tex/latex/tools\array.sty
Package: array 2023/10/16 v2.5g Tabular extension package (FMi)
\col@sep=\dimen142
\ar@mcellbox=\box51
\extrarowheight=\dimen143
\NC@list=\toks17
\extratabsurround=\skip50
\backup@length=\skip51
\ar@cellbox=\box52
)
\TX@col@width=\dimen144
\TX@old@table=\dimen145
\TX@old@col=\dimen146
\TX@target=\dimen147
\TX@delta=\dimen148
\TX@cols=\count196
\TX@ftn=\toks18
)
(C:\Users\quibo\AppData\Local\Programs\MiKTeX\tex/latex/booktabs\booktabs.sty
Package: booktabs 2020/01/12 v1.61803398 Publication quality tables
\heavyrulewidth=\dimen149
\lightrulewidth=\dimen150
\cmidrulewidth=\dimen151
\belowrulesep=\dimen152
\belowbottomsep=\dimen153
\aboverulesep=\dimen154
\abovetopsep=\dimen155
\cmidrulesep=\dimen156
\cmidrulekern=\dimen157
\defaultaddspace=\dimen158
\@cmidla=\count197
\@cmidlb=\count198
\@aboverulesep=\dimen159
\@belowrulesep=\dimen160
\@thisruleclass=\count199
\@lastruleclass=\count266
\@thisrulewidth=\dimen161
)
(C:\Users\quibo\AppData\Local\Programs\MiKTeX\tex/latex/graphics\graphicx.sty
Package: graphicx 2021/09/16 v1.2d Enhanced LaTeX Graphics (DPC,SPQR)

(C:\Users\quibo\AppData\Local\Programs\MiKTeX\tex/latex/graphics\keyval.sty
Package: keyval 2022/05/29 v1.15 key=value parser (DPC)
\KV@toks@=\toks19
)
(C:\Users\quibo\AppData\Local\Programs\MiKTeX\tex/latex/graphics\graphics.sty
Package: graphics 2022/03/10 v1.4e Standard LaTeX Graphics (DPC,SPQR)

(C:\Users\quibo\AppData\Local\Programs\MiKTeX\tex/latex/graphics\trig.sty
Package: trig 2021/08/11 v1.11 sin cos tan (DPC)
)
(C:\Users\quibo\AppData\Local\Programs\MiKTeX\tex/latex/graphics-cfg\graphics.c
fg
File: graphics.cfg 2016/06/04 v1.11 sample graphics configuration
)
Package graphics Info: Driver file: pdftex.def on input line 107.

(C:\Users\quibo\AppData\Local\Programs\MiKTeX\tex/latex/graphics-def\pdftex.def
File: pdftex.def 2022/09/22 v1.2b Graphics/color driver for pdftex
))
\Gin@req@height=\dimen162
\Gin@req@width=\dimen163
)
(C:\Users\quibo\AppData\Local\Programs\MiKTeX\tex/latex/amsfonts\amssymb.sty
Package: amssymb 2013/01/14 v3.01 AMS font symbols

(C:\Users\quibo\AppData\Local\Programs\MiKTeX\tex/latex/amsfonts\amsfonts.sty
Package: amsfonts 2013/01/14 v3.01 Basic AMSFonts support
\@emptytoks=\toks20
\symAMSa=\mathgroup4
\symAMSb=\mathgroup5
LaTeX Font Info:    Redeclaring math symbol \hbar on input line 98.
LaTeX Font Info:    Overwriting math alphabet `\mathfrak' in version `bold'
(Font)                  U/euf/m/n --> U/euf/b/n on input line 106.
)) (C:\Users\quibo\AppData\Local\Programs\MiKTeX\tex/latex/base\textcomp.sty
Package: textcomp 2020/02/02 v2.0n Standard LaTeX package
)
(C:\Users\quibo\AppData\Local\Programs\MiKTeX\tex/latex/gensymb\gensymb.sty
Package: gensymb 2022/10/17 v1.0.2 (KJH)
)
(C:\Users\quibo\AppData\Local\Programs\MiKTeX\tex/latex/url\url.sty
\Urlmuskip=\muskip16
Package: url 2013/09/16  ver 3.4  Verb mode for urls, etc.
)
(C:\Users\quibo\AppData\Local\Programs\MiKTeX\tex/latex/hyperref\hyperref.sty
Package: hyperref 2023-11-26 v7.01g Hypertext links for LaTeX

(C:\Users\quibo\AppData\Local\Programs\MiKTeX\tex/generic/iftex\iftex.sty
Package: iftex 2022/02/03 v1.0f TeX engine tests
)
(C:\Users\quibo\AppData\Local\Programs\MiKTeX\tex/generic/infwarerr\infwarerr.s
ty
Package: infwarerr 2019/12/03 v1.5 Providing info/warning/error messages (HO)
)
(C:\Users\quibo\AppData\Local\Programs\MiKTeX\tex/latex/kvsetkeys\kvsetkeys.sty
Package: kvsetkeys 2022-10-05 v1.19 Key value parser (HO)
)
(C:\Users\quibo\AppData\Local\Programs\MiKTeX\tex/generic/kvdefinekeys\kvdefine
keys.sty
Package: kvdefinekeys 2019-12-19 v1.6 Define keys (HO)
)
(C:\Users\quibo\AppData\Local\Programs\MiKTeX\tex/generic/pdfescape\pdfescape.s
ty
Package: pdfescape 2019/12/09 v1.15 Implements pdfTeX's escape features (HO)

(C:\Users\quibo\AppData\Local\Programs\MiKTeX\tex/generic/ltxcmds\ltxcmds.sty
Package: ltxcmds 2023-12-04 v1.26 LaTeX kernel commands for general use (HO)
)
(C:\Users\quibo\AppData\Local\Programs\MiKTeX\tex/generic/pdftexcmds\pdftexcmds
.sty
Package: pdftexcmds 2020-06-27 v0.33 Utility functions of pdfTeX for LuaTeX (HO
)
Package pdftexcmds Info: \pdf@primitive is available.
Package pdftexcmds Info: \pdf@ifprimitive is available.
Package pdftexcmds Info: \pdfdraftmode found.
))
(C:\Users\quibo\AppData\Local\Programs\MiKTeX\tex/latex/hycolor\hycolor.sty
Package: hycolor 2020-01-27 v1.10 Color options for hyperref/bookmark (HO)
)
(C:\Users\quibo\AppData\Local\Programs\MiKTeX\tex/latex/letltxmacro\letltxmacro
.sty
Package: letltxmacro 2019/12/03 v1.6 Let assignment for LaTeX macros (HO)
)
(C:\Users\quibo\AppData\Local\Programs\MiKTeX\tex/latex/auxhook\auxhook.sty
Package: auxhook 2019-12-17 v1.6 Hooks for auxiliary files (HO)
)
(C:\Users\quibo\AppData\Local\Programs\MiKTeX\tex/latex/hyperref\nameref.sty
Package: nameref 2023-11-26 v2.56 Cross-referencing by name of section

(C:\Users\quibo\AppData\Local\Programs\MiKTeX\tex/latex/refcount\refcount.sty
Package: refcount 2019/12/15 v3.6 Data extraction from label references (HO)
)
(C:\Users\quibo\AppData\Local\Programs\MiKTeX\tex/generic/gettitlestring\gettit
lestring.sty
Package: gettitlestring 2019/12/15 v1.6 Cleanup title references (HO)

(C:\Users\quibo\AppData\Local\Programs\MiKTeX\tex/latex/kvoptions\kvoptions.sty
Package: kvoptions 2022-06-15 v3.15 Key value format for package options (HO)
))
\c@section@level=\count267
)
(C:\Users\quibo\AppData\Local\Programs\MiKTeX\tex/latex/etoolbox\etoolbox.sty
Package: etoolbox 2020/10/05 v2.5k e-TeX tools for LaTeX (JAW)
\etb@tempcnta=\count268
)
\@linkdim=\dimen164
\Hy@linkcounter=\count269
\Hy@pagecounter=\count270

(C:\Users\quibo\AppData\Local\Programs\MiKTeX\tex/latex/hyperref\pd1enc.def
File: pd1enc.def 2023-11-26 v7.01g Hyperref: PDFDocEncoding definition (HO)
Now handling font encoding PD1 ...
... no UTF-8 mapping file for font encoding PD1
)
(C:\Users\quibo\AppData\Local\Programs\MiKTeX\tex/generic/intcalc\intcalc.sty
Package: intcalc 2019/12/15 v1.3 Expandable calculations with integers (HO)
)
\Hy@SavedSpaceFactor=\count271

(C:\Users\quibo\AppData\Local\Programs\MiKTeX\tex/latex/hyperref\puenc.def
File: puenc.def 2023-11-26 v7.01g Hyperref: PDF Unicode definition (HO)
Now handling font encoding PU ...
... no UTF-8 mapping file for font encoding PU
)
Package hyperref Info: Hyper figures OFF on input line 4181.
Package hyperref Info: Link nesting OFF on input line 4186.
Package hyperref Info: Hyper index ON on input line 4189.
Package hyperref Info: Plain pages OFF on input line 4196.
Package hyperref Info: Backreferencing OFF on input line 4201.
Package hyperref Info: Implicit mode ON; LaTeX internals redefined.
Package hyperref Info: Bookmarks ON on input line 4448.
\c@Hy@tempcnt=\count272
LaTeX Info: Redefining \url on input line 4786.
\XeTeXLinkMargin=\dimen165

(C:\Users\quibo\AppData\Local\Programs\MiKTeX\tex/generic/bitset\bitset.sty
Package: bitset 2019/12/09 v1.3 Handle bit-vector datatype (HO)

(C:\Users\quibo\AppData\Local\Programs\MiKTeX\tex/generic/bigintcalc\bigintcalc
.sty
Package: bigintcalc 2019/12/15 v1.5 Expandable calculations on big integers (HO
)
))
\Fld@menulength=\count273
\Field@Width=\dimen166
\Fld@charsize=\dimen167
Package hyperref Info: Hyper figures OFF on input line 6065.
Package hyperref Info: Link nesting OFF on input line 6070.
Package hyperref Info: Hyper index ON on input line 6073.
Package hyperref Info: backreferencing OFF on input line 6080.
Package hyperref Info: Link coloring OFF on input line 6085.
Package hyperref Info: Link coloring with OCG OFF on input line 6090.
Package hyperref Info: PDF/A mode OFF on input line 6095.

(C:\Users\quibo\AppData\Local\Programs\MiKTeX\tex/latex/base\atbegshi-ltx.sty
Package: atbegshi-ltx 2021/01/10 v1.0c Emulation of the original atbegshi
package with kernel methods
)
\Hy@abspage=\count274
\c@Item=\count275
\c@Hfootnote=\count276
)
Package hyperref Info: Driver (autodetected): hpdftex.
(C:\Users\quibo\AppData\Local\Programs\MiKTeX\tex/latex/hyperref\hpdftex.def
File: hpdftex.def 2023-11-26 v7.01g Hyperref driver for pdfTeX

(C:\Users\quibo\AppData\Local\Programs\MiKTeX\tex/latex/base\atveryend-ltx.sty
Package: atveryend-ltx 2020/08/19 v1.0a Emulation of the original atveryend pac
kage
with kernel methods
)
\Fld@listcount=\count277
\c@bookmark@seq@number=\count278

(C:\Users\quibo\AppData\Local\Programs\MiKTeX\tex/latex/rerunfilecheck\rerunfil
echeck.sty
Package: rerunfilecheck 2025-06-21 v1.11 Rerun checks for auxiliary files (HO)

(C:\Users\quibo\AppData\Local\Programs\MiKTeX\tex/generic/uniquecounter\uniquec
ounter.sty
Package: uniquecounter 2019/12/15 v1.4 Provide unlimited unique counter (HO)
)
Package uniquecounter Info: New unique counter `rerunfilecheck' on input line 2
84.
)
\Hy@SectionHShift=\skip52
)
(C:\Users\quibo\AppData\Local\Programs\MiKTeX\tex/latex/doi\doi.sty
Package: doi 2018/09/09 handle doi numbers
)
(C:\Users\quibo\AppData\Local\Programs\MiKTeX\tex/latex/base\latexsym.sty
Package: latexsym 1998/08/17 v2.2e Standard LaTeX package (lasy symbols)
\symlasy=\mathgroup6
LaTeX Font Info:    Overwriting symbol font `lasy' in version `bold'
(Font)                  U/lasy/m/n --> U/lasy/b/n on input line 52.
)
(C:\Users\quibo\AppData\Local\Programs\MiKTeX\tex/latex/amsmath\amsmath.sty
Package: amsmath 2023/05/13 v2.17o AMS math features
\@mathmargin=\skip53

For additional information on amsmath, use the `?' option.
(C:\Users\quibo\AppData\Local\Programs\MiKTeX\tex/latex/amsmath\amstext.sty
Package: amstext 2021/08/26 v2.01 AMS text

(C:\Users\quibo\AppData\Local\Programs\MiKTeX\tex/latex/amsmath\amsgen.sty
File: amsgen.sty 1999/11/30 v2.0 generic functions
\@emptytoks=\toks21
\ex@=\dimen168
))
(C:\Users\quibo\AppData\Local\Programs\MiKTeX\tex/latex/amsmath\amsbsy.sty
Package: amsbsy 1999/11/29 v1.2d Bold Symbols
\pmbraise@=\dimen169
)
(C:\Users\quibo\AppData\Local\Programs\MiKTeX\tex/latex/amsmath\amsopn.sty
Package: amsopn 2022/04/08 v2.04 operator names
)
\inf@bad=\count279
LaTeX Info: Redefining \frac on input line 234.
\uproot@=\count280
\leftroot@=\count281
LaTeX Info: Redefining \overline on input line 399.
LaTeX Info: Redefining \colon on input line 410.
\classnum@=\count282
\DOTSCASE@=\count283
LaTeX Info: Redefining \ldots on input line 496.
LaTeX Info: Redefining \dots on input line 499.
LaTeX Info: Redefining \cdots on input line 620.
\Mathstrutbox@=\box53
\strutbox@=\box54
LaTeX Info: Redefining \big on input line 722.
LaTeX Info: Redefining \Big on input line 723.
LaTeX Info: Redefining \bigg on input line 724.
LaTeX Info: Redefining \Bigg on input line 725.
\big@size=\dimen170
LaTeX Font Info:    Redeclaring font encoding OML on input line 743.
LaTeX Font Info:    Redeclaring font encoding OMS on input line 744.
\macc@depth=\count284
LaTeX Info: Redefining \bmod on input line 905.
LaTeX Info: Redefining \pmod on input line 910.
LaTeX Info: Redefining \smash on input line 940.
LaTeX Info: Redefining \relbar on input line 970.
LaTeX Info: Redefining \Relbar on input line 971.
\c@MaxMatrixCols=\count285
\dotsspace@=\muskip17
\c@parentequation=\count286
\dspbrk@lvl=\count287
\tag@help=\toks22
\row@=\count288
\column@=\count289
\maxfields@=\count290
\andhelp@=\toks23
\eqnshift@=\dimen171
\alignsep@=\dimen172
\tagshift@=\dimen173
\tagwidth@=\dimen174
\totwidth@=\dimen175
\lineht@=\dimen176
\@envbody=\toks24
\multlinegap=\skip54
\multlinetaggap=\skip55
\mathdisplay@stack=\toks25
LaTeX Info: Redefining \[ on input line 2953.
LaTeX Info: Redefining \] on input line 2954.
)
(C:\Users\quibo\AppData\Local\Programs\MiKTeX\tex/latex/float\float.sty
Package: float 2001/11/08 v1.3d Float enhancements (AL)
\c@float@type=\count291
\float@exts=\toks26
\float@box=\box55
\@float@everytoks=\toks27
\@floatcapt=\box56
)
(C:\Users\quibo\AppData\Local\Programs\MiKTeX\tex/latex/caption\subcaption.sty
Package: subcaption 2023/07/28 v1.6b Sub-captions (AR)

(C:\Users\quibo\AppData\Local\Programs\MiKTeX\tex/latex/caption\caption.sty
Package: caption 2023/08/05 v3.6o Customizing captions (AR)

(C:\Users\quibo\AppData\Local\Programs\MiKTeX\tex/latex/caption\caption3.sty
Package: caption3 2023/07/31 v2.4d caption3 kernel (AR)
\caption@tempdima=\dimen177
\captionmargin=\dimen178
\caption@leftmargin=\dimen179
\caption@rightmargin=\dimen180
\caption@width=\dimen181
\caption@indent=\dimen182
\caption@parindent=\dimen183
\caption@hangindent=\dimen184
Package caption Info: Unknown document class (or package),
(caption)             standard defaults will be used.
Package caption Info: \@makecaption = \long macro:#1#2-> \vskip 10pt \setbox \@
tempboxa \hbox {#1: #2} \ifdim \wd \@tempboxa >\hsize #1: #2\par \else \hbox to
\hsize {\hfil \box \@tempboxa \hfil } \fi  on input line 1175.
)

Package caption Warning: Unknown document class (or package),
(caption)                standard defaults will be used.
See the caption package documentation for explanation.

\c@caption@flags=\count292
\c@continuedfloat=\count293
Package caption Info: float package is loaded.
Package caption Info: hyperref package is loaded.
)
Package caption Info: New subtype `subfigure' on input line 238.
\c@subfigure=\count294
Package caption Info: New subtype `subtable' on input line 238.
\c@subtable=\count295
)
(C:\Users\quibo\AppData\Local\Programs\MiKTeX\tex/latex/algorithms\algorithm.st
y
Package: algorithm 2009/08/24 v0.1 Document Style `algorithm' - floating enviro
nment
\@float@every@algorithm=\toks28
\c@algorithm=\count296
)
(C:\Users\quibo\AppData\Local\Programs\MiKTeX\tex/latex/algorithms\algorithmic.
sty
Package: algorithmic 2009/08/24 v0.1 Document Style `algorithmic'
\c@ALC@unique=\count297
\c@ALC@line=\count298
\c@ALC@rem=\count299
\c@ALC@depth=\count300
\ALC@tlm=\skip56
\algorithmicindent=\skip57
)
(C:\Users\quibo\AppData\Local\Programs\MiKTeX\tex/latex/pgf/frontendlayer\tikz.
sty
(C:\Users\quibo\AppData\Local\Programs\MiKTeX\tex/latex/pgf/basiclayer\pgf.sty
(C:\Users\quibo\AppData\Local\Programs\MiKTeX\tex/latex/pgf/utilities\pgfrcs.st
y
(C:\Users\quibo\AppData\Local\Programs\MiKTeX\tex/generic/pgf/utilities\pgfutil
-common.tex
\pgfutil@everybye=\toks29
\pgfutil@tempdima=\dimen185
\pgfutil@tempdimb=\dimen186
)
(C:\Users\quibo\AppData\Local\Programs\MiKTeX\tex/generic/pgf/utilities\pgfutil
-latex.def
\pgfutil@abb=\box57
)
(C:\Users\quibo\AppData\Local\Programs\MiKTeX\tex/generic/pgf/utilities\pgfrcs.
code.tex
(C:\Users\quibo\AppData\Local\Programs\MiKTeX\tex/generic/pgf\pgf.revision.tex)
Package: pgfrcs 2023-01-15 v3.1.10 (3.1.10)
))
Package: pgf 2023-01-15 v3.1.10 (3.1.10)

(C:\Users\quibo\AppData\Local\Programs\MiKTeX\tex/latex/pgf/basiclayer\pgfcore.
sty
(C:\Users\quibo\AppData\Local\Programs\MiKTeX\tex/latex/pgf/systemlayer\pgfsys.
sty
(C:\Users\quibo\AppData\Local\Programs\MiKTeX\tex/generic/pgf/systemlayer\pgfsy
s.code.tex
Package: pgfsys 2023-01-15 v3.1.10 (3.1.10)

(C:\Users\quibo\AppData\Local\Programs\MiKTeX\tex/generic/pgf/utilities\pgfkeys
.code.tex
\pgfkeys@pathtoks=\toks30
\pgfkeys@temptoks=\toks31

(C:\Users\quibo\AppData\Local\Programs\MiKTeX\tex/generic/pgf/utilities\pgfkeys
libraryfiltered.code.tex
\pgfkeys@tmptoks=\toks32
))
\pgf@x=\dimen187
\pgf@y=\dimen188
\pgf@xa=\dimen189
\pgf@ya=\dimen190
\pgf@xb=\dimen191
\pgf@yb=\dimen192
\pgf@xc=\dimen193
\pgf@yc=\dimen194
\pgf@xd=\dimen195
\pgf@yd=\dimen196
\w@pgf@writea=\write3
\r@pgf@reada=\read2
\c@pgf@counta=\count301
\c@pgf@countb=\count302
\c@pgf@countc=\count303
\c@pgf@countd=\count304
\t@pgf@toka=\toks33
\t@pgf@tokb=\toks34
\t@pgf@tokc=\toks35
\pgf@sys@id@count=\count305

(C:\Users\quibo\AppData\Local\Programs\MiKTeX\tex/generic/pgf/systemlayer\pgf.c
fg
File: pgf.cfg 2023-01-15 v3.1.10 (3.1.10)
)
Driver file for pgf: pgfsys-pdftex.def

(C:\Users\quibo\AppData\Local\Programs\MiKTeX\tex/generic/pgf/systemlayer\pgfsy
s-pdftex.def
File: pgfsys-pdftex.def 2023-01-15 v3.1.10 (3.1.10)

(C:\Users\quibo\AppData\Local\Programs\MiKTeX\tex/generic/pgf/systemlayer\pgfsy
s-common-pdf.def
File: pgfsys-common-pdf.def 2023-01-15 v3.1.10 (3.1.10)
)))
(C:\Users\quibo\AppData\Local\Programs\MiKTeX\tex/generic/pgf/systemlayer\pgfsy
ssoftpath.code.tex
File: pgfsyssoftpath.code.tex 2023-01-15 v3.1.10 (3.1.10)
\pgfsyssoftpath@smallbuffer@items=\count306
\pgfsyssoftpath@bigbuffer@items=\count307
)
(C:\Users\quibo\AppData\Local\Programs\MiKTeX\tex/generic/pgf/systemlayer\pgfsy
sprotocol.code.tex
File: pgfsysprotocol.code.tex 2023-01-15 v3.1.10 (3.1.10)
))
(C:\Users\quibo\AppData\Local\Programs\MiKTeX\tex/latex/xcolor\xcolor.sty
Package: xcolor 2023/11/15 v3.01 LaTeX color extensions (UK)

(C:\Users\quibo\AppData\Local\Programs\MiKTeX\tex/latex/graphics-cfg\color.cfg
File: color.cfg 2016/01/02 v1.6 sample color configuration
)
Package xcolor Info: Driver file: pdftex.def on input line 274.
(C:\Users\quibo\AppData\Local\Programs\MiKTeX\tex/latex/graphics\mathcolor.ltx)
Package xcolor Info: Model `cmy' substituted by `cmy0' on input line 1350.
Package xcolor Info: Model `hsb' substituted by `rgb' on input line 1354.
Package xcolor Info: Model `RGB' extended on input line 1366.
Package xcolor Info: Model `HTML' substituted by `rgb' on input line 1368.
Package xcolor Info: Model `Hsb' substituted by `hsb' on input line 1369.
Package xcolor Info: Model `tHsb' substituted by `hsb' on input line 1370.
Package xcolor Info: Model `HSB' substituted by `hsb' on input line 1371.
Package xcolor Info: Model `Gray' substituted by `gray' on input line 1372.
Package xcolor Info: Model `wave' substituted by `hsb' on input line 1373.
)
(C:\Users\quibo\AppData\Local\Programs\MiKTeX\tex/generic/pgf/basiclayer\pgfcor
e.code.tex
Package: pgfcore 2023-01-15 v3.1.10 (3.1.10)

(C:\Users\quibo\AppData\Local\Programs\MiKTeX\tex/generic/pgf/math\pgfmath.code
.tex
(C:\Users\quibo\AppData\Local\Programs\MiKTeX\tex/generic/pgf/math\pgfmathutil.
code.tex)
(C:\Users\quibo\AppData\Local\Programs\MiKTeX\tex/generic/pgf/math\pgfmathparse
r.code.tex
\pgfmath@dimen=\dimen197
\pgfmath@count=\count308
\pgfmath@box=\box58
\pgfmath@toks=\toks36
\pgfmath@stack@operand=\toks37
\pgfmath@stack@operation=\toks38
)
(C:\Users\quibo\AppData\Local\Programs\MiKTeX\tex/generic/pgf/math\pgfmathfunct
ions.code.tex)
(C:\Users\quibo\AppData\Local\Programs\MiKTeX\tex/generic/pgf/math\pgfmathfunct
ions.basic.code.tex)
(C:\Users\quibo\AppData\Local\Programs\MiKTeX\tex/generic/pgf/math\pgfmathfunct
ions.trigonometric.code.tex)
(C:\Users\quibo\AppData\Local\Programs\MiKTeX\tex/generic/pgf/math\pgfmathfunct
ions.random.code.tex)
(C:\Users\quibo\AppData\Local\Programs\MiKTeX\tex/generic/pgf/math\pgfmathfunct
ions.comparison.code.tex)
(C:\Users\quibo\AppData\Local\Programs\MiKTeX\tex/generic/pgf/math\pgfmathfunct
ions.base.code.tex)
(C:\Users\quibo\AppData\Local\Programs\MiKTeX\tex/generic/pgf/math\pgfmathfunct
ions.round.code.tex)
(C:\Users\quibo\AppData\Local\Programs\MiKTeX\tex/generic/pgf/math\pgfmathfunct
ions.misc.code.tex)
(C:\Users\quibo\AppData\Local\Programs\MiKTeX\tex/generic/pgf/math\pgfmathfunct
ions.integerarithmetics.code.tex)
(C:\Users\quibo\AppData\Local\Programs\MiKTeX\tex/generic/pgf/math\pgfmathcalc.
code.tex)
(C:\Users\quibo\AppData\Local\Programs\MiKTeX\tex/generic/pgf/math\pgfmathfloat
.code.tex
\c@pgfmathroundto@lastzeros=\count309
))
(C:\Users\quibo\AppData\Local\Programs\MiKTeX\tex/generic/pgf/math\pgfint.code.
tex)
(C:\Users\quibo\AppData\Local\Programs\MiKTeX\tex/generic/pgf/basiclayer\pgfcor
epoints.code.tex
File: pgfcorepoints.code.tex 2023-01-15 v3.1.10 (3.1.10)
\pgf@picminx=\dimen198
\pgf@picmaxx=\dimen199
\pgf@picminy=\dimen256
\pgf@picmaxy=\dimen257
\pgf@pathminx=\dimen258
\pgf@pathmaxx=\dimen259
\pgf@pathminy=\dimen260
\pgf@pathmaxy=\dimen261
\pgf@xx=\dimen262
\pgf@xy=\dimen263
\pgf@yx=\dimen264
\pgf@yy=\dimen265
\pgf@zx=\dimen266
\pgf@zy=\dimen267
)
(C:\Users\quibo\AppData\Local\Programs\MiKTeX\tex/generic/pgf/basiclayer\pgfcor
epathconstruct.code.tex
File: pgfcorepathconstruct.code.tex 2023-01-15 v3.1.10 (3.1.10)
\pgf@path@lastx=\dimen268
\pgf@path@lasty=\dimen269
)
(C:\Users\quibo\AppData\Local\Programs\MiKTeX\tex/generic/pgf/basiclayer\pgfcor
epathusage.code.tex
File: pgfcorepathusage.code.tex 2023-01-15 v3.1.10 (3.1.10)
\pgf@shorten@end@additional=\dimen270
\pgf@shorten@start@additional=\dimen271
)
(C:\Users\quibo\AppData\Local\Programs\MiKTeX\tex/generic/pgf/basiclayer\pgfcor
escopes.code.tex
File: pgfcorescopes.code.tex 2023-01-15 v3.1.10 (3.1.10)
\pgfpic=\box59
\pgf@hbox=\box60
\pgf@layerbox@main=\box61
\pgf@picture@serial@count=\count310
)
(C:\Users\quibo\AppData\Local\Programs\MiKTeX\tex/generic/pgf/basiclayer\pgfcor
egraphicstate.code.tex
File: pgfcoregraphicstate.code.tex 2023-01-15 v3.1.10 (3.1.10)
\pgflinewidth=\dimen272
)
(C:\Users\quibo\AppData\Local\Programs\MiKTeX\tex/generic/pgf/basiclayer\pgfcor
etransformations.code.tex
File: pgfcoretransformations.code.tex 2023-01-15 v3.1.10 (3.1.10)
\pgf@pt@x=\dimen273
\pgf@pt@y=\dimen274
\pgf@pt@temp=\dimen275
)
(C:\Users\quibo\AppData\Local\Programs\MiKTeX\tex/generic/pgf/basiclayer\pgfcor
equick.code.tex
File: pgfcorequick.code.tex 2023-01-15 v3.1.10 (3.1.10)
)
(C:\Users\quibo\AppData\Local\Programs\MiKTeX\tex/generic/pgf/basiclayer\pgfcor
eobjects.code.tex
File: pgfcoreobjects.code.tex 2023-01-15 v3.1.10 (3.1.10)
)
(C:\Users\quibo\AppData\Local\Programs\MiKTeX\tex/generic/pgf/basiclayer\pgfcor
epathprocessing.code.tex
File: pgfcorepathprocessing.code.tex 2023-01-15 v3.1.10 (3.1.10)
)
(C:\Users\quibo\AppData\Local\Programs\MiKTeX\tex/generic/pgf/basiclayer\pgfcor
earrows.code.tex
File: pgfcorearrows.code.tex 2023-01-15 v3.1.10 (3.1.10)
\pgfarrowsep=\dimen276
)
(C:\Users\quibo\AppData\Local\Programs\MiKTeX\tex/generic/pgf/basiclayer\pgfcor
eshade.code.tex
File: pgfcoreshade.code.tex 2023-01-15 v3.1.10 (3.1.10)
\pgf@max=\dimen277
\pgf@sys@shading@range@num=\count311
\pgf@shadingcount=\count312
)
(C:\Users\quibo\AppData\Local\Programs\MiKTeX\tex/generic/pgf/basiclayer\pgfcor
eimage.code.tex
File: pgfcoreimage.code.tex 2023-01-15 v3.1.10 (3.1.10)
)
(C:\Users\quibo\AppData\Local\Programs\MiKTeX\tex/generic/pgf/basiclayer\pgfcor
eexternal.code.tex
File: pgfcoreexternal.code.tex 2023-01-15 v3.1.10 (3.1.10)
\pgfexternal@startupbox=\box62
)
(C:\Users\quibo\AppData\Local\Programs\MiKTeX\tex/generic/pgf/basiclayer\pgfcor
elayers.code.tex
File: pgfcorelayers.code.tex 2023-01-15 v3.1.10 (3.1.10)
)
(C:\Users\quibo\AppData\Local\Programs\MiKTeX\tex/generic/pgf/basiclayer\pgfcor
etransparency.code.tex
File: pgfcoretransparency.code.tex 2023-01-15 v3.1.10 (3.1.10)
)
(C:\Users\quibo\AppData\Local\Programs\MiKTeX\tex/generic/pgf/basiclayer\pgfcor
epatterns.code.tex
File: pgfcorepatterns.code.tex 2023-01-15 v3.1.10 (3.1.10)
)
(C:\Users\quibo\AppData\Local\Programs\MiKTeX\tex/generic/pgf/basiclayer\pgfcor
erdf.code.tex
File: pgfcorerdf.code.tex 2023-01-15 v3.1.10 (3.1.10)
)))
(C:\Users\quibo\AppData\Local\Programs\MiKTeX\tex/generic/pgf/modules\pgfmodule
shapes.code.tex
File: pgfmoduleshapes.code.tex 2023-01-15 v3.1.10 (3.1.10)
\pgfnodeparttextbox=\box63
)
(C:\Users\quibo\AppData\Local\Programs\MiKTeX\tex/generic/pgf/modules\pgfmodule
plot.code.tex
File: pgfmoduleplot.code.tex 2023-01-15 v3.1.10 (3.1.10)
)
(C:\Users\quibo\AppData\Local\Programs\MiKTeX\tex/latex/pgf/compatibility\pgfco
mp-version-0-65.sty
Package: pgfcomp-version-0-65 2023-01-15 v3.1.10 (3.1.10)
\pgf@nodesepstart=\dimen278
\pgf@nodesepend=\dimen279
)
(C:\Users\quibo\AppData\Local\Programs\MiKTeX\tex/latex/pgf/compatibility\pgfco
mp-version-1-18.sty
Package: pgfcomp-version-1-18 2023-01-15 v3.1.10 (3.1.10)
))
(C:\Users\quibo\AppData\Local\Programs\MiKTeX\tex/latex/pgf/utilities\pgffor.st
y
(C:\Users\quibo\AppData\Local\Programs\MiKTeX\tex/latex/pgf/utilities\pgfkeys.s
ty
(C:\Users\quibo\AppData\Local\Programs\MiKTeX\tex/generic/pgf/utilities\pgfkeys
.code.tex))
(C:\Users\quibo\AppData\Local\Programs\MiKTeX\tex/latex/pgf/math\pgfmath.sty
(C:\Users\quibo\AppData\Local\Programs\MiKTeX\tex/generic/pgf/math\pgfmath.code
.tex))
(C:\Users\quibo\AppData\Local\Programs\MiKTeX\tex/generic/pgf/utilities\pgffor.
code.tex
Package: pgffor 2023-01-15 v3.1.10 (3.1.10)
\pgffor@iter=\dimen280
\pgffor@skip=\dimen281
\pgffor@stack=\toks39
\pgffor@toks=\toks40
))
(C:\Users\quibo\AppData\Local\Programs\MiKTeX\tex/generic/pgf/frontendlayer/tik
z\tikz.code.tex
Package: tikz 2023-01-15 v3.1.10 (3.1.10)

(C:\Users\quibo\AppData\Local\Programs\MiKTeX\tex/generic/pgf/libraries\pgflibr
aryplothandlers.code.tex
File: pgflibraryplothandlers.code.tex 2023-01-15 v3.1.10 (3.1.10)
\pgf@plot@mark@count=\count313
\pgfplotmarksize=\dimen282
)
\tikz@lastx=\dimen283
\tikz@lasty=\dimen284
\tikz@lastxsaved=\dimen285
\tikz@lastysaved=\dimen286
\tikz@lastmovetox=\dimen287
\tikz@lastmovetoy=\dimen288
\tikzleveldistance=\dimen289
\tikzsiblingdistance=\dimen290
\tikz@figbox=\box64
\tikz@figbox@bg=\box65
\tikz@tempbox=\box66
\tikz@tempbox@bg=\box67
\tikztreelevel=\count314
\tikznumberofchildren=\count315
\tikznumberofcurrentchild=\count316
\tikz@fig@count=\count317

(C:\Users\quibo\AppData\Local\Programs\MiKTeX\tex/generic/pgf/modules\pgfmodule
matrix.code.tex
File: pgfmodulematrix.code.tex 2023-01-15 v3.1.10 (3.1.10)
\pgfmatrixcurrentrow=\count318
\pgfmatrixcurrentcolumn=\count319
\pgf@matrix@numberofcolumns=\count320
)
\tikz@expandcount=\count321

(C:\Users\quibo\AppData\Local\Programs\MiKTeX\tex/generic/pgf/frontendlayer/tik
z/libraries\tikzlibrarytopaths.code.tex
File: tikzlibrarytopaths.code.tex 2023-01-15 v3.1.10 (3.1.10)
)))
(C:\Users\quibo\AppData\Local\Programs\MiKTeX\tex/generic/pgf/frontendlayer/tik
z/libraries\tikzlibrarypositioning.code.tex
File: tikzlibrarypositioning.code.tex 2023-01-15 v3.1.10 (3.1.10)
)
(C:\Users\quibo\AppData\Local\Programs\MiKTeX\tex/generic/pgf/frontendlayer/tik
z/libraries\tikzlibrarycalc.code.tex
File: tikzlibrarycalc.code.tex 2023-01-15 v3.1.10 (3.1.10)
)
(C:\Users\quibo\AppData\Local\Programs\MiKTeX\tex/latex/listings\listings.sty
\lst@mode=\count322
\lst@gtempboxa=\box68
\lst@token=\toks41
\lst@length=\count323
\lst@currlwidth=\dimen291
\lst@column=\count324
\lst@pos=\count325
\lst@lostspace=\dimen292
\lst@width=\dimen293
\lst@newlines=\count326
\lst@lineno=\count327
\lst@maxwidth=\dimen294

(C:\Users\quibo\AppData\Local\Programs\MiKTeX\tex/latex/listings\lstmisc.sty
File: lstmisc.sty 2023/02/27 1.9 (Carsten Heinz)
\c@lstnumber=\count328
\lst@skipnumbers=\count329
\lst@framebox=\box69
)
(C:\Users\quibo\AppData\Local\Programs\MiKTeX\tex/latex/listings\listings.cfg
File: listings.cfg 2023/02/27 1.9 listings configuration
))
Package: listings 2023/02/27 1.9 (Carsten Heinz)
(C:\Users\quibo\AppData\Local\Programs\MiKTeX\tex/latex/listings\lstlang1.sty
File: lstlang1.sty 2023/02/27 1.9 listings language file
)
(C:\Users\quibo\AppData\Local\Programs\MiKTeX\tex/latex/listings\lstlang1.sty
File: lstlang1.sty 2023/02/27 1.9 listings language file
)
(C:\Users\quibo\AppData\Local\Programs\MiKTeX\tex/latex/listings\lstmisc.sty
File: lstmisc.sty 2023/02/27 1.9 (Carsten Heinz)
)
\@indexfile=\write4
\openout4 = `sp.idx'.


Writing index file sp.idx

(C:\Users\quibo\AppData\Local\Programs\MiKTeX\tex/latex/l3backend\l3backend-pdf
tex.def
File: l3backend-pdftex.def 2024-01-04 L3 backend support: PDF output (pdfTeX)
\l__color_backend_stack_int=\count330
\l__pdf_internal_box=\box70
) (sp.aux (misc/dedication.aux) (misc/acknowledgements.aux)
(chapters/introduction.aux) (chapters/review.aux) (chapters/techbackground.aux)
(chapters/methodology.aux) (chapters/results.aux) (chapters/recommendations.aux
) (chapters/AppendixA.aux) (chapters/AppendixB.aux) (misc/vita.aux))
\openout1 = `sp.aux'.

LaTeX Font Info:    Checking defaults for OML/cmm/m/it on input line 109.
LaTeX Font Info:    ... okay on input line 109.
LaTeX Font Info:    Checking defaults for OMS/cmsy/m/n on input line 109.
LaTeX Font Info:    ... okay on input line 109.
LaTeX Font Info:    Checking defaults for OT1/cmr/m/n on input line 109.
LaTeX Font Info:    ... okay on input line 109.
LaTeX Font Info:    Checking defaults for T1/cmr/m/n on input line 109.
LaTeX Font Info:    ... okay on input line 109.
LaTeX Font Info:    Checking defaults for TS1/cmr/m/n on input line 109.
LaTeX Font Info:    ... okay on input line 109.
LaTeX Font Info:    Checking defaults for OMX/cmex/m/n on input line 109.
LaTeX Font Info:    ... okay on input line 109.
LaTeX Font Info:    Checking defaults for U/cmr/m/n on input line 109.
LaTeX Font Info:    ... okay on input line 109.
LaTeX Font Info:    Checking defaults for PD1/pdf/m/n on input line 109.
LaTeX Font Info:    ... okay on input line 109.
LaTeX Font Info:    Checking defaults for PU/pdf/m/n on input line 109.
LaTeX Font Info:    ... okay on input line 109.

(C:\Users\quibo\AppData\Local\Programs\MiKTeX\tex/context/base/mkii\supp-pdf.mk
ii
[Loading MPS to PDF converter (version 2006.09.02).]
\scratchcounter=\count331
\scratchdimen=\dimen295
\scratchbox=\box71
\nofMPsegments=\count332
\nofMParguments=\count333
\everyMPshowfont=\toks42
\MPscratchCnt=\count334
\MPscratchDim=\dimen296
\MPnumerator=\count335
\makeMPintoPDFobject=\count336
\everyMPtoPDFconversion=\toks43
)
(C:\Users\quibo\AppData\Local\Programs\MiKTeX\tex/latex/epstopdf-pkg\epstopdf-b
ase.sty
Package: epstopdf-base 2020-01-24 v2.11 Base part for package epstopdf
Package epstopdf-base Info: Redefining graphics rule for `.eps' on input line 4
85.

(C:\Users\quibo\AppData\Local\Programs\MiKTeX\tex/latex/00miktex\epstopdf-sys.c
fg
File: epstopdf-sys.cfg 2021/03/18 v2.0 Configuration of epstopdf for MiKTeX
))
\symgns@font=\mathgroup7
LaTeX Font Info:    Overwriting symbol font `gns@font' in version `bold'
(Font)                  TS1/cmr/m/n --> TS1/cmr/b/n on input line 109.
Package gensymb Info: Math companion symbols declared on input line 109.
LaTeX Info: Redefining \degree on input line 109.
LaTeX Info: Redefining \celsius on input line 109.
Package gensymb Info: Using text companion symbols for \degree, \celsius and \p
erthousand on input line 109.
LaTeX Info: Redefining \ohm on input line 109.
Package gensymb Info: Using \textohm for \ohm on input line 109.
Package gensymb Info: Using \textmu for \micro on input line 109.
Package hyperref Info: Link coloring OFF on input line 109.
 (sp.out) (sp.out)
\@outlinefile=\write5
\openout5 = `sp.out'.

Package caption Info: Begin \AtBeginDocument code.
Package caption Info: listings package is loaded.
Package caption Info: End \AtBeginDocument code.
\c@lstlisting=\count337

Underfull \hbox (badness 10000) in paragraph at lines 113--113

 []

LaTeX Font Info:    Trying to load font information for U+msa on input line 113
.
(C:\Users\quibo\AppData\Local\Programs\MiKTeX\tex/latex/amsfonts\umsa.fd
File: umsa.fd 2013/01/14 v3.01 AMS symbols A
)
LaTeX Font Info:    Trying to load font information for U+msb on input line 113
.

(C:\Users\quibo\AppData\Local\Programs\MiKTeX\tex/latex/amsfonts\umsb.fd
File: umsb.fd 2013/01/14 v3.01 AMS symbols B
)
LaTeX Font Info:    Trying to load font information for U+lasy on input line 11
3.

(C:\Users\quibo\AppData\Local\Programs\MiKTeX\tex/latex/base\ulasy.fd
File: ulasy.fd 1998/08/17 v2.2e LaTeX symbol font definitions
) [1


{C:/Users/quibo/AppData/Local/MiKTeX/fonts/map/pdftex/pdftex.map}] [2] [3]
Underfull \hbox (badness 10000) in paragraph at lines 115--115

 []

[4] [5]
\openout2 = `misc/dedication.aux'.

 (misc/dedication.tex [6

])
\openout2 = `misc/acknowledgements.aux'.

 (misc/acknowledgements.tex [7




]) (sp.toc
[8



] [9] [10] [11])
\tf@toc=\write6
\openout6 = `sp.toc'.

 [12] (sp.lof [13

])
\tf@lof=\write7
\openout7 = `sp.lof'.

 [14] (sp.lot)
\tf@lot=\write8
\openout8 = `sp.lot'.

 [15

]
\openout2 = `chapters/introduction.aux'.


(chapters/introduction.tex
Chapter 1.
[1



] [2] [3]
Underfull \hbox (badness 10000) in paragraph at lines 43--45

 []


Underfull \hbox (badness 10000) in paragraph at lines 46--48

 []


Underfull \hbox (badness 10000) in paragraph at lines 49--51

 []


Underfull \hbox (badness 10000) in paragraph at lines 52--54

 []


Underfull \hbox (badness 10000) in paragraph at lines 55--57

 []


Underfull \hbox (badness 10000) in paragraph at lines 58--60

 []

[4]
Underfull \hbox (badness 10000) in paragraph at lines 61--63

 []


Underfull \hbox (badness 10000) in paragraph at lines 64--66

 []


Underfull \hbox (badness 10000) in paragraph at lines 67--69

 []


Underfull \hbox (badness 10000) in paragraph at lines 70--72

 []


Underfull \hbox (badness 10000) in paragraph at lines 73--75

 []


Underfull \hbox (badness 10000) in paragraph at lines 76--78

 []


Underfull \hbox (badness 10000) in paragraph at lines 79--81

 []

[5]
Underfull \hbox (badness 10000) in paragraph at lines 82--84

 []


Underfull \hbox (badness 10000) in paragraph at lines 85--87

 []


Underfull \hbox (badness 10000) in paragraph at lines 88--90

 []

) [6]
\openout2 = `chapters/review.aux'.

 (chapters/review.tex
Chapter 2.
[7




] [8] [9] [10] [11] [12]
<figures/stratego.png, id=891, 642.4pt x 481.8pt>
File: figures/stratego.png Graphic file (type png)
<use figures/stratego.png>
Package pdftex.def Info: figures/stratego.png  used on input line 59.
(pdftex.def)             Requested size: 303.53267pt x 227.6517pt.
 [13 <./figures/stratego.png>] [14] [15]) [16]
\openout2 = `chapters/techbackground.aux'.


(chapters/techbackground.tex
Chapter 3.
<figures/stratego_piece.png, id=921, 225.84375pt x 234.8775pt>
File: figures/stratego_piece.png Graphic file (type png)
<use figures/stratego_piece.png>
Package pdftex.def Info: figures/stratego_piece.png  used on input line 12.
(pdftex.def)             Requested size: 216.81pt x 225.49417pt.
File: figures/stratego.png Graphic file (type png)
<use figures/stratego.png>
Package pdftex.def Info: figures/stratego.png  used on input line 18.
(pdftex.def)             Requested size: 303.53267pt x 227.6517pt.
[17




] [18 <./figures/stratego_piece.png>]
Underfull \hbox (badness 1661) in paragraph at lines 54--55
\OT1/cmr/m/n/10 si-tion con-sid-er-ing un-cer-tainty about
 []


Underfull \hbox (badness 6284) in paragraph at lines 56--56
\OT1/cmr/m/n/10 i-ma-tion of action-value
 []


Underfull \hbox (badness 3271) in paragraph at lines 58--58
[]|\OT1/cmr/m/n/10 Immediate re-ward from
 []


Underfull \hbox (badness 3029) in paragraph at lines 58--58
\OT1/cmr/m/n/10 piece cap-tures weighted
 []


Underfull \hbox (badness 10000) in paragraph at lines 62--62
[]|\OT1/cmr/m/n/10 Attention weights for
 []


Underfull \hbox (badness 2158) in paragraph at lines 64--64
[]|\OT1/cmr/m/n/10 Nash equi-lib-rium pol-icy
 []


Underfull \hbox (badness 1888) in paragraph at lines 70--71
[]|\OT1/cmr/m/n/10 Controls ex-plo-ration vs ex-ploita-tion
 []

[19] [20] [21]
Overfull \hbox (12.6543pt too wide) detected at line 114
[][][]\OML/cmm/m/it/10 R[]\OT1/cmr/m/n/10 (\OML/cmm/m/it/10 t\OT1/cmr/m/n/10 ) 
= \OMS/cmsy/m/n/10 ^^@E[]\OT1/cmr/m/n/10 (\OML/cmm/m/it/10 t\OT1/cmr/m/n/10 ) =
 \OMS/cmsy/m/n/10 ^^@ [] [] ^^A [] [][]\OT1/cmr/m/n/10 (\OML/cmm/m/it/10 p \OT1
/cmr/m/n/10 = \OML/cmm/m/it/10 s[]\OT1/cmr/m/n/10 )
 []


Overfull \hbox (0.992pt too wide) in paragraph at lines 138--139
[]\OT1/cmr/m/n/10 Finding ex-act Nash equi-lib-ria in large im-per-fect in-for-
ma-tion games is com-pu-ta-tion-ally in-tractable.
 []

[22] [23] [24]
Overfull \hbox (10.11348pt too wide) in paragraph at lines 214--215
\OT1/cmr/m/n/10 AAREN im-ple-ments an attention-based re-cur-rent com-pu-ta-tio
n that main-tains a state triplet $(\OML/cmm/m/it/10 a[]; c[]; m[]\OT1/cmr/m/n/
10 )$
 []

[25] [26] [27] [28] [29] [30] [31]
Package hyperref Info: bookmark level for unknown algorithm defaults to 0 on in
put line 412.
 [32] [33] [34] [35] [36]) [37]
\openout2 = `chapters/methodology.aux'.


(chapters/methodology.tex
Chapter 4.
[38




]
<figures/MARQArchi.png, id=1131, 2074.75125pt x 624.3325pt>
File: figures/MARQArchi.png Graphic file (type png)
<use figures/MARQArchi.png>
Package pdftex.def Info: figures/MARQArchi.png  used on input line 22.
(pdftex.def)             Requested size: 476.98463pt x 143.52676pt.

Overfull \hbox (43.36464pt too wide) in paragraph at lines 22--23
 [][] 
 []

[39 <./figures/MARQArchi.png>]

LaTeX Warning: `h' float specifier changed to `ht'.


LaTeX Warning: `h' float specifier changed to `ht'.

[40] [41]
Overfull \hbox (10.8093pt too wide) in paragraph at lines 110--111
 []\OT1/cmr/bx/n/10 Action Fea-ture Ex-trac-tion.[] \OT1/cmr/m/n/10 For each ob
-served op-po-nent ac-tion, AAREN ex-tracts a 24-dimensional
 []

<figures/Training Architecture.drawio.png, id=1155, 1315.91624pt x 581.17125pt>

File: figures/Training Architecture.drawio.png Graphic file (type png)
<use figures/Training Architecture.drawio.png>
Package pdftex.def Info: figures/Training Architecture.drawio.png  used on inpu
t line 117.
(pdftex.def)             Requested size: 476.98463pt x 210.6581pt.

Overfull \hbox (43.36464pt too wide) in paragraph at lines 117--118
 [][] 
 []

<figures/Dueling Heads.png, id=1156, 1065.9825pt x 499.8675pt>
File: figures/Dueling Heads.png Graphic file (type png)
<use figures/Dueling Heads.png>
Package pdftex.def Info: figures/Dueling Heads.png  used on input line 129.
(pdftex.def)             Requested size: 346.89731pt x 162.66856pt.
[42 <./figures/Training Architecture.drawio.png>]
<figures/Resnet.png, id=1164, 799.98875pt x 265.99374pt>
File: figures/Resnet.png Graphic file (type png)
<use figures/Resnet.png>
Package pdftex.def Info: figures/Resnet.png  used on input line 139.
(pdftex.def)             Requested size: 346.89731pt x 115.34105pt.
<figures/Input layer.png, id=1165, 669.50125pt x 426.59375pt>
File: figures/Input layer.png Graphic file (type png)
<use figures/Input layer.png>
Package pdftex.def Info: figures/Input layer.png  used on input line 148.
(pdftex.def)             Requested size: 346.89731pt x 221.04239pt.


LaTeX Warning: `h' float specifier changed to `ht'.

[43 <./figures/Dueling Heads.png> <./figures/Resnet.png>] [44 <./figures/Input 
layer.png>]
Overfull \hbox (2.20508pt too wide) in paragraph at lines 181--182
 []\OT1/cmr/bx/n/10 Computational Op-ti-miza-tions.[] \OT1/cmr/m/n/10 Mixed-pre
cision in-fer-ence ac-cel-er-ates train-ing through-put. Dur-
 []

[45] [46] [47] [48]
<figures/Game diagram.png, id=1217, 703.62875pt x 874.26625pt>
File: figures/Game diagram.png Graphic file (type png)
<use figures/Game diagram.png>
Package pdftex.def Info: figures/Game diagram.png  used on input line 264.
(pdftex.def)             Requested size: 303.53267pt x 377.14111pt.
 [49]
<figures/StrategoWithMARQ_GameStart.png, id=1222, 1540.5555pt x 865.43324pt>
File: figures/StrategoWithMARQ_GameStart.png Graphic file (type png)
<use figures/StrategoWithMARQ_GameStart.png>
Package pdftex.def Info: figures/StrategoWithMARQ_GameStart.png  used on input 
line 276.
(pdftex.def)             Requested size: 433.62pt x 243.58737pt.
 [50 <./figures/Game diagram.png>]
<figures/StrategoPieces.png, id=1228, 560.0925pt x 412.54124pt>
File: figures/StrategoPieces.png Graphic file (type png)
<use figures/StrategoPieces.png>
Package pdftex.def Info: figures/StrategoPieces.png  used on input line 285.
(pdftex.def)             Requested size: 303.53267pt x 223.581pt.
 [51 <./figures/StrategoWithMARQ_GameStart.png>]) [52 <./figures/StrategoPieces
.png>] [53]
\openout2 = `chapters/results.aux'.


(chapters/results.tex
Chapter 5.
<figures/Results/cropped/cumulative_wins_winrate.png, id=1247, 1789.68625pt x 7
77.90625pt>
File: figures/Results/cropped/cumulative_wins_winrate.png Graphic file (type pn
g)
<use figures/Results/cropped/cumulative_wins_winrate.png>
Package pdftex.def Info: figures/Results/cropped/cumulative_wins_winrate.png  u
sed on input line 34.
(pdftex.def)             Requested size: 368.57964pt x 160.20773pt.
[54




]
<figures/Results/cropped/policy_loss.png, id=1253, 1789.68625pt x 803.0pt>
File: figures/Results/cropped/policy_loss.png Graphic file (type png)
<use figures/Results/cropped/policy_loss.png>
Package pdftex.def Info: figures/Results/cropped/policy_loss.png  used on input
 line 44.
(pdftex.def)             Requested size: 368.57964pt x 165.37573pt.
<figures/Results/cropped/q_value.png, id=1254, 1121.18875pt x 762.85pt>
File: figures/Results/cropped/q_value.png Graphic file (type png)
<use figures/Results/cropped/q_value.png>
Package pdftex.def Info: figures/Results/cropped/q_value.png  used on input lin
e 54.
(pdftex.def)             Requested size: 368.57964pt x 250.77515pt.
 [55 <./figures/Results/cropped/cumulative_wins_winrate.png> <./figures/Results
/cropped/policy_loss.png>] [56 <./figures/Results/cropped/q_value.png>]
<figures/Results/cropped/prediction_accuracy.png, id=1268, 1789.68625pt x 632.3
625pt>
File: figures/Results/cropped/prediction_accuracy.png Graphic file (type png)
<use figures/Results/cropped/prediction_accuracy.png>
Package pdftex.def Info: figures/Results/cropped/prediction_accuracy.png  used 
on input line 64.
(pdftex.def)             Requested size: 368.57964pt x 130.23338pt.

[57 <./figures/Results/cropped/prediction_accuracy.png>] [58]
Underfull \hbox (badness 10000) in paragraph at lines 128--128
[]|\OT1/cmr/m/n/10 Approximately 2 sec-onds per
 []


Underfull \hbox (badness 10000) in paragraph at lines 130--130
[]|\OT1/cmr/m/n/10 Doubled com-pute re-quire-ment
 []


Underfull \hbox (badness 10000) in paragraph at lines 132--132
[]|\OT1/cmr/m/n/10 Deterministic setup pat-terns
 []


Overfull \hbox (2.31853pt too wide) in paragraph at lines 122--137
 [][] 
 []

[59] [60] [61] [62] [63] [64] [65]
Underfull \hbox (badness 10000) in paragraph at lines 308--308
[]|\OT1/cmr/bx/n/10 Title Com-po-
 []


Underfull \hbox (badness 10000) in paragraph at lines 312--312
[]|\OT1/cmr/m/n/10 Q-value over-es-ti-ma-tion,
 []


Underfull \hbox (badness 1117) in paragraph at lines 314--314
[]|\OT1/cmr/m/n/10 Sequential in-for-ma-tion bot-
 []


Underfull \hbox (badness 10000) in paragraph at lines 316--316
[]|\OT1/cmr/m/n/10 Imperfect In-for-
 []

[66] [67]
Underfull \hbox (badness 7203) in paragraph at lines 345--345
[]|\OT1/cmr/m/n/10 Q-Value Over-es-ti-
 []


Underfull \hbox (badness 10000) in paragraph at lines 349--349
[]|\OT1/cmr/m/n/10 LSTM Ac-cu-racy
 []


Underfull \hbox (badness 10000) in paragraph at lines 351--351
[]|\OT1/cmr/m/n/10 Exploration Col-
 []


Underfull \hbox (badness 10000) in paragraph at lines 353--353
[]|\OT1/cmr/m/n/10 Reward Prop-a-ga-
 []

) [68]
\openout2 = `chapters/recommendations.aux'.

 (chapters/recommendations.tex
Chapter 6.
[69




] [70] [71] [72]) [73] [74]
\openout2 = `chapters/AppendixA.aux'.

 (chapters/AppendixA.tex
Appendix A.
[75




]
<figures/aug1-sept5.png, id=1412, 678.73575pt x 425.79076pt>
File: figures/aug1-sept5.png Graphic file (type png)
<use figures/aug1-sept5.png>
Package pdftex.def Info: figures/aug1-sept5.png  used on input line 12.
(pdftex.def)             Requested size: 433.62pt x 272.02437pt.
<figures/sept11-nov30.png, id=1413, 994.917pt x 357.13425pt>
File: figures/sept11-nov30.png Graphic file (type png)
<use figures/sept11-nov30.png>
Package pdftex.def Info: figures/sept11-nov30.png  used on input line 19.
(pdftex.def)             Requested size: 433.62pt x 155.65186pt.
<figures/oct27.png, id=1414, 955.1685pt x 277.63725pt>
File: figures/oct27.png Graphic file (type png)
<use figures/oct27.png>
Package pdftex.def Info: figures/oct27.png  used on input line 26.
(pdftex.def)             Requested size: 433.62pt x 126.03706pt.
<figures/dec1-feb14.png, id=1415, 823.878pt x 159.59625pt>
File: figures/dec1-feb14.png Graphic file (type png)
<use figures/dec1-feb14.png>
Package pdftex.def Info: figures/dec1-feb14.png  used on input line 33.
(pdftex.def)             Requested size: 433.62pt x 83.99626pt.
<figures/feb15-may4.png, id=1416, 1284.59924pt x 124.0635pt>
File: figures/feb15-may4.png Graphic file (type png)
<use figures/feb15-may4.png>
Package pdftex.def Info: figures/feb15-may4.png  used on input line 41.
(pdftex.def)             Requested size: 433.62pt x 41.87624pt.
) [76 <./figures/aug1-sept5.png>] [77 <./figures/sept11-nov30.png> <./figures/o
ct27.png> <./figures/dec1-feb14.png> <./figures/feb15-may4.png>]
\openout2 = `chapters/AppendixB.aux'.


(chapters/AppendixB.tex
Appendix B.
[78




]
<figures/StrategoWithMARQ_Menu.png, id=1435, 1540.5555pt x 865.43324pt>
File: figures/StrategoWithMARQ_Menu.png Graphic file (type png)
<use figures/StrategoWithMARQ_Menu.png>
Package pdftex.def Info: figures/StrategoWithMARQ_Menu.png  used on input line 
13.
(pdftex.def)             Requested size: 390.23894pt x 219.22336pt.
<figures/StrategoWithMARQ_Rules.png, id=1436, 1539.95325pt x 865.43324pt>
File: figures/StrategoWithMARQ_Rules.png Graphic file (type png)
<use figures/StrategoWithMARQ_Rules.png>
Package pdftex.def Info: figures/StrategoWithMARQ_Rules.png  used on input line
 20.
(pdftex.def)             Requested size: 390.25087pt x 219.3158pt.
<figures/StrategoWithMARQ_SETUP.png, id=1437, 1540.5555pt x 865.43324pt>
File: figures/StrategoWithMARQ_SETUP.png Graphic file (type png)
<use figures/StrategoWithMARQ_SETUP.png>
Package pdftex.def Info: figures/StrategoWithMARQ_SETUP.png  used on input line
 27.
(pdftex.def)             Requested size: 390.23894pt x 219.22336pt.
 [79 <./figures/StrategoWithMARQ_Menu.png> <./figures/StrategoWithMARQ_Rules.pn
g>]
File: figures/StrategoWithMARQ_GameStart.png Graphic file (type png)
<use figures/StrategoWithMARQ_GameStart.png>
Package pdftex.def Info: figures/StrategoWithMARQ_GameStart.png  used on input 
line 34.
(pdftex.def)             Requested size: 390.23894pt x 219.22336pt.
<figures/StrategoWithMARQ_ChangeImage.png, id=1444, 1540.5555pt x 865.43324pt>
File: figures/StrategoWithMARQ_ChangeImage.png Graphic file (type png)
<use figures/StrategoWithMARQ_ChangeImage.png>
Package pdftex.def Info: figures/StrategoWithMARQ_ChangeImage.png  used on inpu
t line 41.
(pdftex.def)             Requested size: 390.23894pt x 219.22336pt.
 [80 <./figures/StrategoWithMARQ_SETUP.png>]
<figures/StrategoWithMARQ_Battlepopup.png, id=1450, 1540.5555pt x 864.22874pt>
File: figures/StrategoWithMARQ_Battlepopup.png Graphic file (type png)
<use figures/StrategoWithMARQ_Battlepopup.png>
Package pdftex.def Info: figures/StrategoWithMARQ_Battlepopup.png  used on inpu
t line 48.
(pdftex.def)             Requested size: 390.23894pt x 218.91824pt.
<figures/StrategoWithMARQ_VictoryScreen.png, id=1451, 1540.5555pt x 865.43324pt
>
File: figures/StrategoWithMARQ_VictoryScreen.png Graphic file (type png)
<use figures/StrategoWithMARQ_VictoryScreen.png>
Package pdftex.def Info: figures/StrategoWithMARQ_VictoryScreen.png  used on in
put line 56.
(pdftex.def)             Requested size: 390.23894pt x 219.22336pt.
 [81 <./figures/StrategoWithMARQ_ChangeImage.png> <./figures/StrategoWithMARQ_B
attlepopup.png>]
<figures/Results/training_progress_episode_10000.png, id=1458, 859.0494pt x 123
8.226pt>
File: figures/Results/training_progress_episode_10000.png Graphic file (type pn
g)
<use figures/Results/training_progress_episode_10000.png>
Package pdftex.def Info: figures/Results/training_progress_episode_10000.png  u
sed on input line 64.
(pdftex.def)             Requested size: 271.99144pt x 392.04599pt.
 [82 <./figures/StrategoWithMARQ_VictoryScreen.png>]
<figures/Results/training_progress_episode_20000.png, id=1465, 859.0494pt x 123
8.226pt>
File: figures/Results/training_progress_episode_20000.png Graphic file (type pn
g)
<use figures/Results/training_progress_episode_20000.png>
Package pdftex.def Info: figures/Results/training_progress_episode_20000.png  u
sed on input line 71.
(pdftex.def)             Requested size: 271.99144pt x 392.04599pt.
 [83 <./figures/Results/training_progress_episode_10000.png>]
<figures/Results/training_progress_episode_34000.png, id=1471, 859.0494pt x 123
8.226pt>
File: figures/Results/training_progress_episode_34000.png Graphic file (type pn
g)
<use figures/Results/training_progress_episode_34000.png>
Package pdftex.def Info: figures/Results/training_progress_episode_34000.png  u
sed on input line 78.
(pdftex.def)             Requested size: 271.99144pt x 392.04599pt.
 [84 <./figures/Results/training_progress_episode_20000.png>]
<figures/Game Snapshots/Figure_1.png, id=1478, 1232.9262pt x 615.7404pt>
File: figures/Game Snapshots/Figure_1.png Graphic file (type png)
<use figures/Game Snapshots/Figure_1.png>
Package pdftex.def Info: figures/Game Snapshots/Figure_1.png  used on input lin
e 91.
(pdftex.def)             Requested size: 195.12767pt x 97.44939pt.
<figures/Game Snapshots/Figure_2.png, id=1479, 254.9525pt x 211.28937pt>
File: figures/Game Snapshots/Figure_2.png Graphic file (type png)
<use figures/Game Snapshots/Figure_2.png>
Package pdftex.def Info: figures/Game Snapshots/Figure_2.png  used on input lin
e 97.
(pdftex.def)             Requested size: 195.12767pt x 161.71643pt.
<figures/Game Snapshots/Figure_3.png, id=1480, 202.25563pt x 172.14313pt>
File: figures/Game Snapshots/Figure_3.png Graphic file (type png)
<use figures/Game Snapshots/Figure_3.png>
Package pdftex.def Info: figures/Game Snapshots/Figure_3.png  used on input lin
e 103.
(pdftex.def)             Requested size: 195.12767pt x 166.08028pt.
<figures/Game Snapshots/Figure_4.png, id=1481, 465.74pt x 182.6825pt>
File: figures/Game Snapshots/Figure_4.png Graphic file (type png)
<use figures/Game Snapshots/Figure_4.png>
Package pdftex.def Info: figures/Game Snapshots/Figure_4.png  used on input lin
e 109.
(pdftex.def)             Requested size: 195.12767pt x 76.53656pt.
 [85 <./figures/Results/training_progress_episode_34000.png>]
<figures/Comparison/lstm15k_training_progress.png, id=1487, 859.0494pt x 1238.2
26pt>
File: figures/Comparison/lstm15k_training_progress.png Graphic file (type png)
<use figures/Comparison/lstm15k_training_progress.png>
Package pdftex.def Info: figures/Comparison/lstm15k_training_progress.png  used
 on input line 121.
(pdftex.def)             Requested size: 271.99144pt x 392.04599pt.
 [86 <./figures/Game Snapshots/Figure_1.png> <./figures/Game Snapshots/Figure_2
.png> <./figures/Game Snapshots/Figure_3.png> <./figures/Game Snapshots/Figure_
4.png>]
<figures/Comparison/lstm15k_additional_metrics.png, id=1496, 1076.3412pt x 826.
287pt>
File: figures/Comparison/lstm15k_additional_metrics.png Graphic file (type png)

<use figures/Comparison/lstm15k_additional_metrics.png>
Package pdftex.def Info: figures/Comparison/lstm15k_additional_metrics.png  use
d on input line 128.
(pdftex.def)             Requested size: 390.25813pt x 299.59386pt.

[87 <./figures/Comparison/lstm15k_training_progress.png>]
<figures/Comparison/rdqn9k_training_progress.png, id=1502, 859.0494pt x 1238.22
6pt>
File: figures/Comparison/rdqn9k_training_progress.png Graphic file (type png)
<use figures/Comparison/rdqn9k_training_progress.png>
Package pdftex.def Info: figures/Comparison/rdqn9k_training_progress.png  used 
on input line 135.
(pdftex.def)             Requested size: 271.99144pt x 392.04599pt.
 [88 <./figures/Comparison/lstm15k_additional_metrics.png>]
<figures/Comparison/rdqn9k_additional_metrics.png, id=1509, 1076.3412pt x 826.2
87pt>
File: figures/Comparison/rdqn9k_additional_metrics.png Graphic file (type png)
<use figures/Comparison/rdqn9k_additional_metrics.png>
Package pdftex.def Info: figures/Comparison/rdqn9k_additional_metrics.png  used
 on input line 142.
(pdftex.def)             Requested size: 390.25813pt x 299.59386pt.
 [89 <./figures/Comparison/rdqn9k_training_progress.png>]
<figures/Comparison/rdqn9k_aaren_progress.png, id=1515, 858.5676pt x 688.974pt>

File: figures/Comparison/rdqn9k_aaren_progress.png Graphic file (type png)
<use figures/Comparison/rdqn9k_aaren_progress.png>
Package pdftex.def Info: figures/Comparison/rdqn9k_aaren_progress.png  used on 
input line 149.
(pdftex.def)             Requested size: 390.25584pt x 313.16827pt.
 [90 <./figures/Comparison/rdqn9k_additional_metrics.png>]
<figures/Comparison/rdqn75k_training_progress.png, id=1521, 859.0494pt x 1238.2
26pt>
File: figures/Comparison/rdqn75k_training_progress.png Graphic file (type png)
<use figures/Comparison/rdqn75k_training_progress.png>
Package pdftex.def Info: figures/Comparison/rdqn75k_training_progress.png  used
 on input line 156.
(pdftex.def)             Requested size: 271.99144pt x 392.04599pt.

[91 <./figures/Comparison/rdqn9k_aaren_progress.png>]
<figures/Comparison/rdqn75k_additional_metrics.png, id=1527, 1076.3412pt x 826.
287pt>
File: figures/Comparison/rdqn75k_additional_metrics.png Graphic file (type png)

<use figures/Comparison/rdqn75k_additional_metrics.png>
Package pdftex.def Info: figures/Comparison/rdqn75k_additional_metrics.png  use
d on input line 163.
(pdftex.def)             Requested size: 390.25813pt x 299.59386pt.
 [92 <./figures/Comparison/rdqn75k_training_progress.png>]
<figures/Comparison/rdqn75k_aaren_progress.png, id=1533, 858.5676pt x 688.974pt
>
File: figures/Comparison/rdqn75k_aaren_progress.png Graphic file (type png)
<use figures/Comparison/rdqn75k_aaren_progress.png>
Package pdftex.def Info: figures/Comparison/rdqn75k_aaren_progress.png  used on
 input line 170.
(pdftex.def)             Requested size: 390.25584pt x 313.16827pt.
 [93 <./figures/Comparison/rdqn75k_additional_metrics.png>]) [94 <./figures/Com
parison/rdqn75k_aaren_progress.png>] (sp.bbl
[95



] [96] [97] [98]) [99]
\openout2 = `misc/vita.aux'.

 (misc/vita.tex
Underfull \hbox (badness 10000) in paragraph at lines 4--8

 []

[100


]) (sp.aux (misc/dedication.aux) (misc/acknowledgements.aux)
(chapters/introduction.aux) (chapters/review.aux) (chapters/techbackground.aux)
(chapters/methodology.aux) (chapters/results.aux) (chapters/recommendations.aux
) (chapters/AppendixA.aux) (chapters/AppendixB.aux) (misc/vita.aux))
 ***********
LaTeX2e <2023-11-01> patch level 1
L3 programming layer <2024-01-04>
 ***********
Package rerunfilecheck Info: File `sp.out' has not changed.
(rerunfilecheck)             Checksum: CE5D407A40041C071399685BAA993D7E;24304.
 ) 
Here is how much of TeX's memory you used:
 25094 strings out of 474485
 471814 string characters out of 5743734
 1940542 words of memory out of 5000000
 46408 multiletter control sequences out of 15000+600000
 570862 words of font info for 85 fonts, out of 8000000 for 9000
 1141 hyphenation exceptions out of 8191
 84i,13n,93p,2483b,666s stack positions out of 10000i,1000n,20000p,200000b,200000s
<C:/Users/quibo/AppData/Local/Programs/MiKTeX/fonts/type1/public/amsfonts/cm/
cmbx10.pfb><C:/Users/quibo/AppData/Local/Programs/MiKTeX/fonts/type1/public/ams
fonts/cm/cmbx12.pfb><C:/Users/quibo/AppData/Local/Programs/MiKTeX/fonts/type1/p
ublic/amsfonts/cm/cmcsc10.pfb><C:/Users/quibo/AppData/Local/Programs/MiKTeX/fon
ts/type1/public/amsfonts/cm/cmex10.pfb><C:/Users/quibo/AppData/Local/Programs/M
iKTeX/fonts/type1/public/amsfonts/cmextra/cmex7.pfb><C:/Users/quibo/AppData/Loc
al/Programs/MiKTeX/fonts/type1/public/amsfonts/cm/cmmi10.pfb><C:/Users/quibo/Ap
pData/Local/Programs/MiKTeX/fonts/type1/public/amsfonts/cm/cmmi5.pfb><C:/Users/
quibo/AppData/Local/Programs/MiKTeX/fonts/type1/public/amsfonts/cm/cmmi7.pfb><C
:/Users/quibo/AppData/Local/Programs/MiKTeX/fonts/type1/public/amsfonts/cm/cmr1
0.pfb><C:/Users/quibo/AppData/Local/Programs/MiKTeX/fonts/type1/public/amsfonts
/cm/cmr12.pfb><C:/Users/quibo/AppData/Local/Programs/MiKTeX/fonts/type1/public/
amsfonts/cm/cmr5.pfb><C:/Users/quibo/AppData/Local/Programs/MiKTeX/fonts/type1/
public/amsfonts/cm/cmr7.pfb><C:/Users/quibo/AppData/Local/Programs/MiKTeX/fonts
/type1/public/amsfonts/cm/cmr8.pfb><C:/Users/quibo/AppData/Local/Programs/MiKTe
X/fonts/type1/public/amsfonts/cm/cmr9.pfb><C:/Users/quibo/AppData/Local/Program
s/MiKTeX/fonts/type1/public/amsfonts/cm/cmsl10.pfb><C:/Users/quibo/AppData/Loca
l/Programs/MiKTeX/fonts/type1/public/amsfonts/cm/cmsl9.pfb><C:/Users/quibo/AppD
ata/Local/Programs/MiKTeX/fonts/type1/public/amsfonts/cm/cmsy10.pfb><C:/Users/q
uibo/AppData/Local/Programs/MiKTeX/fonts/type1/public/amsfonts/cm/cmsy5.pfb><C:
/Users/quibo/AppData/Local/Programs/MiKTeX/fonts/type1/public/amsfonts/cm/cmsy6
.pfb><C:/Users/quibo/AppData/Local/Programs/MiKTeX/fonts/type1/public/amsfonts/
cm/cmsy7.pfb><C:/Users/quibo/AppData/Local/Programs/MiKTeX/fonts/type1/public/a
msfonts/cm/cmti10.pfb><C:/Users/quibo/AppData/Local/Programs/MiKTeX/fonts/type1
/public/amsfonts/cm/cmtt10.pfb><C:/Users/quibo/AppData/Local/Programs/MiKTeX/fo
nts/type1/public/amsfonts/symbols/msbm10.pfb>
Output written on sp.pdf (115 pages, 10363355 bytes).
PDF statistics:
 1790 PDF objects out of 2073 (max. 8388607)
 472 named destinations out of 1000 (max. 500000)
 1141 words of extra memory for PDF output out of 10000 (max. 10000000)

